 
| | |#| | |
| |#|#|#| |
| | |H| | |
|#| | |#| |
| | | |#| |
 
FINISH

You explored 3% of cold

